current directory: /Users/alina/Documents/Alina/education/kma/year3/term3/робота в середовищі apple/xcodebuild_AlinaKharchenko/CatsAndModules_AlinaKharchenko/vendor/bundle/ruby/3.2.0/gems/bigdecimal-4.1.2/ext/bigdecimal
/Users/alina/.rbenv/versions/3.2.0/bin/ruby -I /Users/alina/.rbenv/versions/3.2.0/lib/ruby/3.2.0 extconf.rb
checking for __builtin_clz()... yes
checking for __builtin_clzl()... yes
checking for __builtin_clzll()... yes
checking for float.h... yes
checking for math.h... yes
checking for stdbool.h... yes
checking for stdlib.h... yes
checking for x86intrin.h... no
checking for intrin.h... no
checking for ruby/atomic.h... yes
checking for ruby/internal/has/builtin.h... yes
checking for ruby/internal/static_assert.h... yes
checking for rb_complex_real() in ruby.h... yes
checking for rb_complex_imag() in ruby.h... yes
checking for rb_opts_exception_p() in ruby.h... yes
checking for rb_category_warn() in ruby.h... yes
checking for RB_WARN_CATEGORY_DEPRECATED in ruby.h... yes
checking for RUBY_TYPED_EMBEDDABLE in ruby.h... no
creating Makefile

current directory: /Users/alina/Documents/Alina/education/kma/year3/term3/робота в середовищі apple/xcodebuild_AlinaKharchenko/CatsAndModules_AlinaKharchenko/vendor/bundle/ruby/3.2.0/gems/bigdecimal-4.1.2/ext/bigdecimal
make DESTDIR\= sitearchdir\=./.gem.20260605-63284-5lt1gj sitelibdir\=./.gem.20260605-63284-5lt1gj clean

current directory: /Users/alina/Documents/Alina/education/kma/year3/term3/робота в середовищі apple/xcodebuild_AlinaKharchenko/CatsAndModules_AlinaKharchenko/vendor/bundle/ruby/3.2.0/gems/bigdecimal-4.1.2/ext/bigdecimal
make DESTDIR\= sitearchdir\=./.gem.20260605-63284-5lt1gj sitelibdir\=./.gem.20260605-63284-5lt1gj
compiling bigdecimal.c
compiling missing.c
linking shared-object bigdecimal.bundle
ld: warning: ignoring duplicate libraries: '-lruby.3.2'

current directory: /Users/alina/Documents/Alina/education/kma/year3/term3/робота в середовищі apple/xcodebuild_AlinaKharchenko/CatsAndModules_AlinaKharchenko/vendor/bundle/ruby/3.2.0/gems/bigdecimal-4.1.2/ext/bigdecimal
make DESTDIR\= sitearchdir\=./.gem.20260605-63284-5lt1gj sitelibdir\=./.gem.20260605-63284-5lt1gj install
/usr/bin/install -c -m 0755 bigdecimal.bundle ./.gem.20260605-63284-5lt1gj

current directory: /Users/alina/Documents/Alina/education/kma/year3/term3/робота в середовищі apple/xcodebuild_AlinaKharchenko/CatsAndModules_AlinaKharchenko/vendor/bundle/ruby/3.2.0/gems/bigdecimal-4.1.2/ext/bigdecimal
make DESTDIR\= sitearchdir\=./.gem.20260605-63284-5lt1gj sitelibdir\=./.gem.20260605-63284-5lt1gj clean
