current directory: /Users/alina/Documents/Alina/education/kma/year3/term3/робота в середовищі apple/xcodebuild_AlinaKharchenko/CatsAndModules_AlinaKharchenko/vendor/bundle/ruby/3.2.0/gems/json-2.19.8/ext/json/ext/parser
/Users/alina/.rbenv/versions/3.2.0/bin/ruby -I /Users/alina/.rbenv/versions/3.2.0/lib/ruby/3.2.0 extconf.rb
checking for rb_enc_interned_str() in ruby/encoding.h... yes
checking for rb_str_to_interned_str() in ruby.h... yes
checking for rb_hash_new_capa() in ruby.h... yes
checking for rb_hash_bulk_insert() in ruby.h... yes
checking for RUBY_TYPED_EMBEDDABLE in ruby.h... no
checking for whether -std=c99 is accepted as CFLAGS... yes
checking for arm_neon.h... yes
checking for cpuid.h... no
creating Makefile

current directory: /Users/alina/Documents/Alina/education/kma/year3/term3/робота в середовищі apple/xcodebuild_AlinaKharchenko/CatsAndModules_AlinaKharchenko/vendor/bundle/ruby/3.2.0/gems/json-2.19.8/ext/json/ext/parser
make DESTDIR\= sitearchdir\=./.gem.20260605-63284-22mqru sitelibdir\=./.gem.20260605-63284-22mqru clean

current directory: /Users/alina/Documents/Alina/education/kma/year3/term3/робота в середовищі apple/xcodebuild_AlinaKharchenko/CatsAndModules_AlinaKharchenko/vendor/bundle/ruby/3.2.0/gems/json-2.19.8/ext/json/ext/parser
make DESTDIR\= sitearchdir\=./.gem.20260605-63284-22mqru sitelibdir\=./.gem.20260605-63284-22mqru
compiling parser.c
linking shared-object json/ext/parser.bundle
ld: warning: ignoring duplicate libraries: '-lruby.3.2'

current directory: /Users/alina/Documents/Alina/education/kma/year3/term3/робота в середовищі apple/xcodebuild_AlinaKharchenko/CatsAndModules_AlinaKharchenko/vendor/bundle/ruby/3.2.0/gems/json-2.19.8/ext/json/ext/parser
make DESTDIR\= sitearchdir\=./.gem.20260605-63284-22mqru sitelibdir\=./.gem.20260605-63284-22mqru install
/usr/bin/install -c -m 0755 parser.bundle ./.gem.20260605-63284-22mqru/json/ext

current directory: /Users/alina/Documents/Alina/education/kma/year3/term3/робота в середовищі apple/xcodebuild_AlinaKharchenko/CatsAndModules_AlinaKharchenko/vendor/bundle/ruby/3.2.0/gems/json-2.19.8/ext/json/ext/parser
make DESTDIR\= sitearchdir\=./.gem.20260605-63284-22mqru sitelibdir\=./.gem.20260605-63284-22mqru clean
